============================= test session starts =============================
platform win32 -- Python 3.10.19, pytest-7.4.4, pluggy-1.6.0 -- C:\Users\Lenovo\anaconda3\python.exe
cachedir: .pytest_cache
rootdir: C:\Users\Lenovo\OneDrive\Desktop\Readme-sync
plugins: anyio-4.10.0, Faker-22.5.1, langsmith-0.4.21, asyncio-0.23.3, cov-4.1.0
asyncio: mode=strict
collecting ... collected 6 items

tests/test_python_parser.py::TestPythonParser::test_parse_async_function PASSED [ 16%]
tests/test_python_parser.py::TestPythonParser::test_parse_class PASSED   [ 33%]
tests/test_python_parser.py::TestPythonParser::test_parse_imports FAILED [ 50%]
tests/test_python_parser.py::TestPythonParser::test_parse_simple_function PASSED [ 66%]
tests/test_python_parser.py::TestPythonParser::test_parse_with_decorators PASSED [ 83%]
tests/test_python_parser.py::TestPythonParser::test_supports_python_files PASSED [100%]

================================== FAILURES ===================================
_____________________ TestPythonParser.test_parse_imports _____________________
tests\test_python_parser.py:94: in test_parse_imports
    self.assertEqual(len(analysis.imports), 3)
E   AssertionError: 4 != 3
=========================== short test summary info ===========================
FAILED tests/test_python_parser.py::TestPythonParser::test_parse_imports - As...
========================= 1 failed, 5 passed in 0.23s =========================
